  debug.c
  entropy_common.c
  error_private.c
  fse_decompress.c
  pool.c
C:\desktop\repos\Stakela\Stakela\vendor\zstd\lib\common\allocations.h(18,9): warning C4005: 'ZSTD_STATIC_LINKING_ONLY': macro redefinition
  (compiling source file 'lib/common/pool.c')
      C:\desktop\repos\Stakela\Stakela\vendor\zstd\lib\common\allocations.h(18,9):
      'ZSTD_STATIC_LINKING_ONLY' previously declared on the command line
  
  threading.c
  xxhash.c
  zstd_common.c
C:\desktop\repos\Stakela\Stakela\vendor\zstd\lib\common\zstd_internal.h(27,9): warning C4005: 'ZSTD_STATIC_LINKING_ONLY': macro redefinition
  (compiling source file 'lib/common/zstd_common.c')
      C:\desktop\repos\Stakela\Stakela\vendor\zstd\lib\common\zstd_internal.h(27,9):
      'ZSTD_STATIC_LINKING_ONLY' previously declared on the command line
  
  fse_compress.c
  hist.c
  huf_compress.c
  zstd_compress.c
C:\desktop\repos\Stakela\Stakela\vendor\zstd\lib\common\allocations.h(18,9): warning C4005: 'ZSTD_STATIC_LINKING_ONLY': macro redefinition
  (compiling source file 'lib/compress/zstd_compress.c')
      C:\desktop\repos\Stakela\Stakela\vendor\zstd\lib\common\allocations.h(18,9):
      'ZSTD_STATIC_LINKING_ONLY' previously declared on the command line
  
  zstd_compress_literals.c
C:\desktop\repos\Stakela\Stakela\vendor\zstd\lib\common\zstd_internal.h(27,9): warning C4005: 'ZSTD_STATIC_LINKING_ONLY': macro redefinition
  (compiling source file 'lib/compress/zstd_compress_literals.c')
      C:\desktop\repos\Stakela\Stakela\vendor\zstd\lib\common\zstd_internal.h(27,9):
      'ZSTD_STATIC_LINKING_ONLY' previously declared on the command line
  
  zstd_compress_sequences.c
C:\desktop\repos\Stakela\Stakela\vendor\zstd\lib\common\zstd_internal.h(27,9): warning C4005: 'ZSTD_STATIC_LINKING_ONLY': macro redefinition
  (compiling source file 'lib/compress/zstd_compress_sequences.c')
      C:\desktop\repos\Stakela\Stakela\vendor\zstd\lib\common\zstd_internal.h(27,9):
      'ZSTD_STATIC_LINKING_ONLY' previously declared on the command line
  
  zstd_compress_superblock.c
C:\desktop\repos\Stakela\Stakela\vendor\zstd\lib\common\zstd_internal.h(27,9): warning C4005: 'ZSTD_STATIC_LINKING_ONLY': macro redefinition
  (compiling source file 'lib/compress/zstd_compress_superblock.c')
      C:\desktop\repos\Stakela\Stakela\vendor\zstd\lib\common\zstd_internal.h(27,9):
      'ZSTD_STATIC_LINKING_ONLY' previously declared on the command line
  
  zstd_double_fast.c
C:\desktop\repos\Stakela\Stakela\vendor\zstd\lib\common\zstd_internal.h(27,9): warning C4005: 'ZSTD_STATIC_LINKING_ONLY': macro redefinition
  (compiling source file 'lib/compress/zstd_double_fast.c')
      C:\desktop\repos\Stakela\Stakela\vendor\zstd\lib\common\zstd_internal.h(27,9):
      'ZSTD_STATIC_LINKING_ONLY' previously declared on the command line
  
  zstd_fast.c
C:\desktop\repos\Stakela\Stakela\vendor\zstd\lib\common\zstd_internal.h(27,9): warning C4005: 'ZSTD_STATIC_LINKING_ONLY': macro redefinition
  (compiling source file 'lib/compress/zstd_fast.c')
      C:\desktop\repos\Stakela\Stakela\vendor\zstd\lib\common\zstd_internal.h(27,9):
      'ZSTD_STATIC_LINKING_ONLY' previously declared on the command line
  
  zstd_lazy.c
C:\desktop\repos\Stakela\Stakela\vendor\zstd\lib\common\zstd_internal.h(27,9): warning C4005: 'ZSTD_STATIC_LINKING_ONLY': macro redefinition
  (compiling source file 'lib/compress/zstd_lazy.c')
      C:\desktop\repos\Stakela\Stakela\vendor\zstd\lib\common\zstd_internal.h(27,9):
      'ZSTD_STATIC_LINKING_ONLY' previously declared on the command line
  
  zstd_ldm.c
C:\desktop\repos\Stakela\Stakela\vendor\zstd\lib\common\zstd_internal.h(27,9): warning C4005: 'ZSTD_STATIC_LINKING_ONLY': macro redefinition
  (compiling source file 'lib/compress/zstd_ldm.c')
      C:\desktop\repos\Stakela\Stakela\vendor\zstd\lib\common\zstd_internal.h(27,9):
      'ZSTD_STATIC_LINKING_ONLY' previously declared on the command line
  
  zstd_opt.c
C:\desktop\repos\Stakela\Stakela\vendor\zstd\lib\common\zstd_internal.h(27,9): warning C4005: 'ZSTD_STATIC_LINKING_ONLY': macro redefinition
  (compiling source file 'lib/compress/zstd_opt.c')
      C:\desktop\repos\Stakela\Stakela\vendor\zstd\lib\common\zstd_internal.h(27,9):
      'ZSTD_STATIC_LINKING_ONLY' previously declared on the command line
  
  Generating Code...
  Compiling...
  zstd_preSplit.c
C:\desktop\repos\Stakela\Stakela\vendor\zstd\lib\common\zstd_internal.h(27,9): warning C4005: 'ZSTD_STATIC_LINKING_ONLY': macro redefinition
  (compiling source file 'lib/compress/zstd_preSplit.c')
      C:\desktop\repos\Stakela\Stakela\vendor\zstd\lib\common\zstd_internal.h(27,9):
      'ZSTD_STATIC_LINKING_ONLY' previously declared on the command line
  
  zstdmt_compress.c
C:\desktop\repos\Stakela\Stakela\vendor\zstd\lib\common\allocations.h(18,9): warning C4005: 'ZSTD_STATIC_LINKING_ONLY': macro redefinition
  (compiling source file 'lib/compress/zstdmt_compress.c')
      C:\desktop\repos\Stakela\Stakela\vendor\zstd\lib\common\allocations.h(18,9):
      'ZSTD_STATIC_LINKING_ONLY' previously declared on the command line
  
  huf_decompress.c
C:\desktop\repos\Stakela\Stakela\vendor\zstd\lib\common\zstd_internal.h(27,9): warning C4005: 'ZSTD_STATIC_LINKING_ONLY': macro redefinition
  (compiling source file 'lib/decompress/huf_decompress.c')
      C:\desktop\repos\Stakela\Stakela\vendor\zstd\lib\common\zstd_internal.h(27,9):
      'ZSTD_STATIC_LINKING_ONLY' previously declared on the command line
  
  zstd_ddict.c
C:\desktop\repos\Stakela\Stakela\vendor\zstd\lib\common\allocations.h(18,9): warning C4005: 'ZSTD_STATIC_LINKING_ONLY': macro redefinition
  (compiling source file 'lib/decompress/zstd_ddict.c')
      C:\desktop\repos\Stakela\Stakela\vendor\zstd\lib\common\allocations.h(18,9):
      'ZSTD_STATIC_LINKING_ONLY' previously declared on the command line
  
  zstd_decompress.c
C:\desktop\repos\Stakela\Stakela\vendor\zstd\lib\common\allocations.h(18,9): warning C4005: 'ZSTD_STATIC_LINKING_ONLY': macro redefinition
  (compiling source file 'lib/decompress/zstd_decompress.c')
      C:\desktop\repos\Stakela\Stakela\vendor\zstd\lib\common\allocations.h(18,9):
      'ZSTD_STATIC_LINKING_ONLY' previously declared on the command line
  
  zstd_decompress_block.c
C:\desktop\repos\Stakela\Stakela\vendor\zstd\lib\common\zstd_internal.h(27,9): warning C4005: 'ZSTD_STATIC_LINKING_ONLY': macro redefinition
  (compiling source file 'lib/decompress/zstd_decompress_block.c')
      C:\desktop\repos\Stakela\Stakela\vendor\zstd\lib\common\zstd_internal.h(27,9):
      'ZSTD_STATIC_LINKING_ONLY' previously declared on the command line
  
  Generating Code...
  zstd.vcxproj -> C:\desktop\repos\Stakela\Stakela\vendor\zstd\bin\Release-windows-x86_64\zstd\zstd.lib
